// Jest Snapshot v1, https://goo.gl/fbAQLP

exports[`ForecastDetails renders correctly 1`] = `
<DocumentFragment>
  <div
    class="forecast-details"
  >
    <div
      class="forecast-details__date"
    >
       Mon Apr 30 2018
    </div>
    <div
      class="forecast-details__temperaturemax"
    >
      22°C
    </div>
    <div
      class="forecast-details__temperaturemin"
      data-testid="forecast-mintemperature"
    >
      12°C
    </div>
    <div
      class="forecast-details__humidity"
    >
      20%
    </div>
    <div
      class="forecast-details__windspeed"
    >
      10mph
    </div>
    <div
      class="forecast-details__winddirection"
    >
      NE
    </div>
  </div>
</DocumentFragment>
`;
